// Jest Snapshot v1, https://goo.gl/fbAQLP

exports[`Project should match the snapshot 1`] = `
<section
  className="project"
  id="project_undefined"
>
  <h3
    name="revisedName"
  />
  <Link
    to="/project/undefined"
  >
    <button
      className="project__button"
      onClick={[Function]}
    >
      Show
    </button>
  </Link>
  <button
    className="project__button"
    onClick={[Function]}
    type="button"
  >
    Delete
  </button>
</section>
`;
