// Jest Snapshot v1, https://goo.gl/fbAQLP

exports[`All Palettes should match the snapshot 1`] = `
<div>
  <Link
    to="/"
  >
    <h1
      className="title"
    >
      Palette Picker
    </h1>
  </Link>
  <div
    className="outer-color-container"
    data-id={1}
  >
    <h3
      className="all-palette-name"
    />
    <div
      className="inner-color-container"
    >
      <div
        className="all-palettes-colors"
        id="col-first"
        style={
          Object {
            "backgroundColor": undefined,
          }
        }
      />
      <div
        className="all-palettes-colors"
        style={
          Object {
            "backgroundColor": undefined,
          }
        }
      />
      <div
        className="all-palettes-colors"
        style={
          Object {
            "backgroundColor": undefined,
          }
        }
      />
      <div
        className="all-palettes-colors"
        style={
          Object {
            "backgroundColor": undefined,
          }
        }
      />
      <div
        className="all-palettes-colors"
        id="col-last"
        style={
          Object {
            "backgroundColor": undefined,
          }
        }
      />
    </div>
    <button
      className="delete-palette"
      onClick={[Function]}
    >
      Delete
    </button>
  </div>
  <div
    className="outer-color-container"
  >
    <h3
      className="all-palette-name"
    />
    <div
      className="inner-color-container"
    >
      <div
        className="all-palettes-colors"
        id="col-first"
        style={
          Object {
            "backgroundColor": undefined,
          }
        }
      />
      <div
        className="all-palettes-colors"
        style={
          Object {
            "backgroundColor": undefined,
          }
        }
      />
      <div
        className="all-palettes-colors"
        style={
          Object {
            "backgroundColor": undefined,
          }
        }
      />
      <div
        className="all-palettes-colors"
        style={
          Object {
            "backgroundColor": undefined,
          }
        }
      />
      <div
        className="all-palettes-colors"
        id="col-last"
        style={
          Object {
            "backgroundColor": undefined,
          }
        }
      />
    </div>
    <button
      className="delete-palette"
      onClick={[Function]}
    >
      Delete
    </button>
  </div>
</div>
`;
